{
    "fastqdl - run - stub": {
        "content": [
            {
                "0": [
                    [
                        {
                            "id": "test"
                        },
                        [
                            "ERR5069949.fastq.gz:md5,68b329da9893e34099c7d8ad5cb9c940",
                            "ERR5069949_1.fastq.gz:md5,68b329da9893e34099c7d8ad5cb9c940",
                            "ERR5069949_2.fastq.gz:md5,68b329da9893e34099c7d8ad5cb9c940"
                        ]
                    ]
                ],
                "1": [
                    [
                        {
                            "id": "test"
                        },
                        "test-run-info.tsv:md5,d41d8cd98f00b204e9800998ecf8427e"
                    ]
                ],
                "2": [
                    
                ],
                "3": [
                    [
                        "FASTQDL",
                        "fastq-dl",
                        "4.0.1"
                    ]
                ],
                "fastq": [
                    [
                        {
                            "id": "test"
                        },
                        [
                            "ERR5069949.fastq.gz:md5,68b329da9893e34099c7d8ad5cb9c940",
                            "ERR5069949_1.fastq.gz:md5,68b329da9893e34099c7d8ad5cb9c940",
                            "ERR5069949_2.fastq.gz:md5,68b329da9893e34099c7d8ad5cb9c940"
                        ]
                    ]
                ],
                "runinfo": [
                    [
                        {
                            "id": "test"
                        },
                        "test-run-info.tsv:md5,d41d8cd98f00b204e9800998ecf8427e"
                    ]
                ],
                "runmergers": [
                    
                ],
                "versions_fastqdl": [
                    [
                        "FASTQDL",
                        "fastq-dl",
                        "4.0.1"
                    ]
                ]
            }
        ],
        "timestamp": "2026-05-26T09:24:16.166801276",
        "meta": {
            "nf-test": "0.9.5",
            "nextflow": "26.04.2"
        }
    },
    "fastqdl - experiment": {
        "content": [
            {
                "0": [
                    [
                        {
                            "id": "test"
                        },
                        [
                            "ERR5069949.fastq.gz:md5,c931a862c2126788432684cca99db416",
                            "ERR5069949_1.fastq.gz:md5,b643cdf5f6a8fae5063fb2b7c172071d",
                            "ERR5069949_2.fastq.gz:md5,685c1b66d8bf0c20a37402a0578acca2"
                        ]
                    ]
                ],
                "1": [
                    [
                        {
                            "id": "test"
                        },
                        "test-run-info.tsv:md5,a24e465dd7c6e920afd443d743ebbb40"
                    ]
                ],
                "2": [
                    
                ],
                "3": [
                    [
                        "FASTQDL",
                        "fastq-dl",
                        "4.0.1"
                    ]
                ],
                "fastq": [
                    [
                        {
                            "id": "test"
                        },
                        [
                            "ERR5069949.fastq.gz:md5,c931a862c2126788432684cca99db416",
                            "ERR5069949_1.fastq.gz:md5,b643cdf5f6a8fae5063fb2b7c172071d",
                            "ERR5069949_2.fastq.gz:md5,685c1b66d8bf0c20a37402a0578acca2"
                        ]
                    ]
                ],
                "runinfo": [
                    [
                        {
                            "id": "test"
                        },
                        "test-run-info.tsv:md5,a24e465dd7c6e920afd443d743ebbb40"
                    ]
                ],
                "runmergers": [
                    
                ],
                "versions_fastqdl": [
                    [
                        "FASTQDL",
                        "fastq-dl",
                        "4.0.1"
                    ]
                ]
            }
        ],
        "timestamp": "2026-05-26T09:22:23.393069547",
        "meta": {
            "nf-test": "0.9.5",
            "nextflow": "26.04.2"
        }
    },
    "fastqdl - experiment - stub": {
        "content": [
            {
                "0": [
                    [
                        {
                            "id": "test"
                        },
                        [
                            "ERX4876079.fastq.gz:md5,68b329da9893e34099c7d8ad5cb9c940",
                            "ERX4876079_1.fastq.gz:md5,68b329da9893e34099c7d8ad5cb9c940",
                            "ERX4876079_2.fastq.gz:md5,68b329da9893e34099c7d8ad5cb9c940"
                        ]
                    ]
                ],
                "1": [
                    [
                        {
                            "id": "test"
                        },
                        "test-run-info.tsv:md5,d41d8cd98f00b204e9800998ecf8427e"
                    ]
                ],
                "2": [
                    
                ],
                "3": [
                    [
                        "FASTQDL",
                        "fastq-dl",
                        "4.0.1"
                    ]
                ],
                "fastq": [
                    [
                        {
                            "id": "test"
                        },
                        [
                            "ERX4876079.fastq.gz:md5,68b329da9893e34099c7d8ad5cb9c940",
                            "ERX4876079_1.fastq.gz:md5,68b329da9893e34099c7d8ad5cb9c940",
                            "ERX4876079_2.fastq.gz:md5,68b329da9893e34099c7d8ad5cb9c940"
                        ]
                    ]
                ],
                "runinfo": [
                    [
                        {
                            "id": "test"
                        },
                        "test-run-info.tsv:md5,d41d8cd98f00b204e9800998ecf8427e"
                    ]
                ],
                "runmergers": [
                    
                ],
                "versions_fastqdl": [
                    [
                        "FASTQDL",
                        "fastq-dl",
                        "4.0.1"
                    ]
                ]
            }
        ],
        "timestamp": "2026-05-26T09:26:09.395456716",
        "meta": {
            "nf-test": "0.9.5",
            "nextflow": "26.04.2"
        }
    },
    "fastqdl - run": {
        "content": [
            {
                "0": [
                    [
                        {
                            "id": "test"
                        },
                        [
                            "ERR5069949.fastq.gz:md5,c931a862c2126788432684cca99db416",
                            "ERR5069949_1.fastq.gz:md5,b643cdf5f6a8fae5063fb2b7c172071d",
                            "ERR5069949_2.fastq.gz:md5,685c1b66d8bf0c20a37402a0578acca2"
                        ]
                    ]
                ],
                "1": [
                    [
                        {
                            "id": "test"
                        },
                        "test-run-info.tsv:md5,a24e465dd7c6e920afd443d743ebbb40"
                    ]
                ],
                "2": [
                    
                ],
                "3": [
                    [
                        "FASTQDL",
                        "fastq-dl",
                        "4.0.1"
                    ]
                ],
                "fastq": [
                    [
                        {
                            "id": "test"
                        },
                        [
                            "ERR5069949.fastq.gz:md5,c931a862c2126788432684cca99db416",
                            "ERR5069949_1.fastq.gz:md5,b643cdf5f6a8fae5063fb2b7c172071d",
                            "ERR5069949_2.fastq.gz:md5,685c1b66d8bf0c20a37402a0578acca2"
                        ]
                    ]
                ],
                "runinfo": [
                    [
                        {
                            "id": "test"
                        },
                        "test-run-info.tsv:md5,a24e465dd7c6e920afd443d743ebbb40"
                    ]
                ],
                "runmergers": [
                    
                ],
                "versions_fastqdl": [
                    [
                        "FASTQDL",
                        "fastq-dl",
                        "4.0.1"
                    ]
                ]
            }
        ],
        "timestamp": "2026-05-26T09:20:34.881332488",
        "meta": {
            "nf-test": "0.9.5",
            "nextflow": "26.04.2"
        }
    }
}